14:25:34 **** Incremental Build of configuration Nios II for project freqyAnalyser ****
make all 
Info: Building ../freqyAnalyser_bsp/
C:/intelFPGA/18.1/nios2eds/bin/gnu/H-x86_64-mingw32/bin/make --no-print-directory -C ../freqyAnalyser_bsp/
[BSP build complete]
Info: Compiling main.c to obj/default/main.o
nios2-elf-gcc -xc -MP -MMD -c -I../freqyAnalyser_bsp//HAL/inc -I../freqyAnalyser_bsp/ -I../freqyAnalyser_bsp//drivers/inc  -pipe -D__hal__ -DALT_NO_INSTRUCTION_EMULATION -DALT_SINGLE_THREADED    -O0 -g -Wall   -mhw-div -mhw-mul -mno-hw-mulx -mgpopt=global  -o obj/default/main.o main.c
main.c: In function 'PRVGADraw_Task':
main.c:297:6: warning: operation on 'i' may be undefined [-Wsequence-point]
    i = ++i%100; //point to the next data (oldest) to be overwritten
      ^
Info: Linking freqyAnalyser.elf
nios2-elf-g++  -T'../freqyAnalyser_bsp//linker.x' -msys-crt0='../freqyAnalyser_bsp//obj/HAL/src/crt0.o' -msys-lib=hal_bsp -L../freqyAnalyser_bsp/   -Wl,-Map=freqyAnalyser.map   -O0 -g -Wall   -mhw-div -mhw-mul -mno-hw-mulx -mgpopt=global  -o freqyAnalyser.elf obj/default/FreeRTOS/croutine.o obj/default/FreeRTOS/event_groups.o obj/default/FreeRTOS/heap.o obj/default/FreeRTOS/list.o obj/default/FreeRTOS/port.o obj/default/FreeRTOS/queue.o obj/default/FreeRTOS/tasks.o obj/default/FreeRTOS/timers.o obj/default/main.o obj/default/FreeRTOS/port_asm.o -lm -msys-lib=m
nios2-elf-insert freqyAnalyser.elf --thread_model hal --cpu_name nios2 --qsys true --simulation_enabled false --id 7 --sidp 0x430f0 --timestamp 1393900972 --stderr_dev jtag_uart --stdin_dev jtag_uart --stdout_dev jtag_uart --sopc_system_name nios2 --quartus_project_dir "H:/COMPSYS723/COMPSYS-723-Assignment-1/ffrequency_analyser" --sopcinfo H:/COMPSYS723/COMPSYS-723-Assignment-1/ffrequency_analyser/software/freqyAnalyser_bsp/../../nios2.sopcinfo
Info: (freqyAnalyser.elf) 616 KBytes program size (code + initialized data).
Info:                     130561 KBytes free for stack + heap.
Info: Creating freqyAnalyser.objdump
nios2-elf-objdump --disassemble --syms --all-header --source freqyAnalyser.elf >freqyAnalyser.objdump
[freqyAnalyser build complete]

14:25:39 Build Finished (took 4s.635ms)

